22:56:22 **** Build of project hello_bsp ****
make -k all 
"Running Make include in ps7_cortexa9_0/libsrc/coresightps_dcc_v1_4/src"
make -C ps7_cortexa9_0/libsrc/coresightps_dcc_v1_4/src -s include  "SHELL=CMD" "COMPILER=arm-none-eabi-gcc" "ARCHIVER=arm-none-eabi-ar" "COMPILER_FLAGS=  -O2 -c" "EXTRA_COMPILER_FLAGS=-mcpu=cortex-a9 -mfpu=vfpv3 -mfloat-abi=hard -nostartfiles -g -Wall -Wextra"
"Running Make include in ps7_cortexa9_0/libsrc/cpu_cortexa9_v2_6/src"
make -C ps7_cortexa9_0/libsrc/cpu_cortexa9_v2_6/src -s include  "SHELL=CMD" "COMPILER=arm-none-eabi-gcc" "ARCHIVER=arm-none-eabi-ar" "COMPILER_FLAGS=  -O2 -c" "EXTRA_COMPILER_FLAGS=-mcpu=cortex-a9 -mfpu=vfpv3 -mfloat-abi=hard -nostartfiles -g -Wall -Wextra"
"Running Make include in ps7_cortexa9_0/libsrc/ddrps_v1_0/src"
make -C ps7_cortexa9_0/libsrc/ddrps_v1_0/src -s include  "SHELL=CMD" "COMPILER=arm-none-eabi-gcc" "ARCHIVER=arm-none-eabi-ar" "COMPILER_FLAGS=  -O2 -c" "EXTRA_COMPILER_FLAGS=-mcpu=cortex-a9 -mfpu=vfpv3 -mfloat-abi=hard -nostartfiles -g -Wall -Wextra"
"Running Make include in ps7_cortexa9_0/libsrc/devcfg_v3_5/src"
make -C ps7_cortexa9_0/libsrc/devcfg_v3_5/src -s include  "SHELL=CMD" "COMPILER=arm-none-eabi-gcc" "ARCHIVER=arm-none-eabi-ar" "COMPILER_FLAGS=  -O2 -c" "EXTRA_COMPILER_FLAGS=-mcpu=cortex-a9 -mfpu=vfpv3 -mfloat-abi=hard -nostartfiles -g -Wall -Wextra"
"Running Make include in ps7_cortexa9_0/libsrc/dmaps_v2_3/src"
make -C ps7_cortexa9_0/libsrc/dmaps_v2_3/src -s include  "SHELL=CMD" "COMPILER=arm-none-eabi-gcc" "ARCHIVER=arm-none-eabi-ar" "COMPILER_FLAGS=  -O2 -c" "EXTRA_COMPILER_FLAGS=-mcpu=cortex-a9 -mfpu=vfpv3 -mfloat-abi=hard -nostartfiles -g -Wall -Wextra"
"Running Make include in ps7_cortexa9_0/libsrc/emacps_v3_7/src"
make -C ps7_cortexa9_0/libsrc/emacps_v3_7/src -s include  "SHELL=CMD" "COMPILER=arm-none-eabi-gcc" "ARCHIVER=arm-none-eabi-ar" "COMPILER_FLAGS=  -O2 -c" "EXTRA_COMPILER_FLAGS=-mcpu=cortex-a9 -mfpu=vfpv3 -mfloat-abi=hard -nostartfiles -g -Wall -Wextra"
"Running Make include in ps7_cortexa9_0/libsrc/gpio_v4_3/src"
make -C ps7_cortexa9_0/libsrc/gpio_v4_3/src -s include  "SHELL=CMD" "COMPILER=arm-none-eabi-gcc" "ARCHIVER=arm-none-eabi-ar" "COMPILER_FLAGS=  -O2 -c" "EXTRA_COMPILER_FLAGS=-mcpu=cortex-a9 -mfpu=vfpv3 -mfloat-abi=hard -nostartfiles -g -Wall -Wextra"
"Running Make include in ps7_cortexa9_0/libsrc/gpiops_v3_3/src"
make -C ps7_cortexa9_0/libsrc/gpiops_v3_3/src -s include  "SHELL=CMD" "COMPILER=arm-none-eabi-gcc" "ARCHIVER=arm-none-eabi-ar" "COMPILER_FLAGS=  -O2 -c" "EXTRA_COMPILER_FLAGS=-mcpu=cortex-a9 -mfpu=vfpv3 -mfloat-abi=hard -nostartfiles -g -Wall -Wextra"
"Running Make include in ps7_cortexa9_0/libsrc/qspips_v3_4/src"
make -C ps7_cortexa9_0/libsrc/qspips_v3_4/src -s include  "SHELL=CMD" "COMPILER=arm-none-eabi-gcc" "ARCHIVER=arm-none-eabi-ar" "COMPILER_FLAGS=  -O2 -c" "EXTRA_COMPILER_FLAGS=-mcpu=cortex-a9 -mfpu=vfpv3 -mfloat-abi=hard -nostartfiles -g -Wall -Wextra"
"Running Make include in ps7_cortexa9_0/libsrc/scugic_v3_9/src"
make -C ps7_cortexa9_0/libsrc/scugic_v3_9/src -s include  "SHELL=CMD" "COMPILER=arm-none-eabi-gcc" "ARCHIVER=arm-none-eabi-ar" "COMPILER_FLAGS=  -O2 -c" "EXTRA_COMPILER_FLAGS=-mcpu=cortex-a9 -mfpu=vfpv3 -mfloat-abi=hard -nostartfiles -g -Wall -Wextra"
"Running Make include in ps7_cortexa9_0/libsrc/scutimer_v2_1/src"
make -C ps7_cortexa9_0/libsrc/scutimer_v2_1/src -s include  "SHELL=CMD" "COMPILER=arm-none-eabi-gcc" "ARCHIVER=arm-none-eabi-ar" "COMPILER_FLAGS=  -O2 -c" "EXTRA_COMPILER_FLAGS=-mcpu=cortex-a9 -mfpu=vfpv3 -mfloat-abi=hard -nostartfiles -g -Wall -Wextra"
"Running Make include in ps7_cortexa9_0/libsrc/scuwdt_v2_1/src"
make -C ps7_cortexa9_0/libsrc/scuwdt_v2_1/src -s include  "SHELL=CMD" "COMPILER=arm-none-eabi-gcc" "ARCHIVER=arm-none-eabi-ar" "COMPILER_FLAGS=  -O2 -c" "EXTRA_COMPILER_FLAGS=-mcpu=cortex-a9 -mfpu=vfpv3 -mfloat-abi=hard -nostartfiles -g -Wall -Wextra"
"Running Make include in ps7_cortexa9_0/libsrc/sdps_v3_4/src"
make -C ps7_cortexa9_0/libsrc/sdps_v3_4/src -s include  "SHELL=CMD" "COMPILER=arm-none-eabi-gcc" "ARCHIVER=arm-none-eabi-ar" "COMPILER_FLAGS=  -O2 -c" "EXTRA_COMPILER_FLAGS=-mcpu=cortex-a9 -mfpu=vfpv3 -mfloat-abi=hard -nostartfiles -g -Wall -Wextra"
"Running Make include in ps7_cortexa9_0/libsrc/standalone_v6_6/src"
make -C ps7_cortexa9_0/libsrc/standalone_v6_6/src -s include  "SHELL=CMD" "COMPILER=arm-none-eabi-gcc" "ARCHIVER=arm-none-eabi-ar" "COMPILER_FLAGS=  -O2 -c" "EXTRA_COMPILER_FLAGS=-mcpu=cortex-a9 -mfpu=vfpv3 -mfloat-abi=hard -nostartfiles -g -Wall -Wextra"
"Running Make include in ps7_cortexa9_0/libsrc/uartps_v3_6/src"
make -C ps7_cortexa9_0/libsrc/uartps_v3_6/src -s include  "SHELL=CMD" "COMPILER=arm-none-eabi-gcc" "ARCHIVER=arm-none-eabi-ar" "COMPILER_FLAGS=  -O2 -c" "EXTRA_COMPILER_FLAGS=-mcpu=cortex-a9 -mfpu=vfpv3 -mfloat-abi=hard -nostartfiles -g -Wall -Wextra"
"Running Make include in ps7_cortexa9_0/libsrc/usbps_v2_4/src"
make -C ps7_cortexa9_0/libsrc/usbps_v2_4/src -s include  "SHELL=CMD" "COMPILER=arm-none-eabi-gcc" "ARCHIVER=arm-none-eabi-ar" "COMPILER_FLAGS=  -O2 -c" "EXTRA_COMPILER_FLAGS=-mcpu=cortex-a9 -mfpu=vfpv3 -mfloat-abi=hard -nostartfiles -g -Wall -Wextra"
"Running Make include in ps7_cortexa9_0/libsrc/xadcps_v2_2/src"
make -C ps7_cortexa9_0/libsrc/xadcps_v2_2/src -s include  "SHELL=CMD" "COMPILER=arm-none-eabi-gcc" "ARCHIVER=arm-none-eabi-ar" "COMPILER_FLAGS=  -O2 -c" "EXTRA_COMPILER_FLAGS=-mcpu=cortex-a9 -mfpu=vfpv3 -mfloat-abi=hard -nostartfiles -g -Wall -Wextra"
"Running Make libs in ps7_cortexa9_0/libsrc/coresightps_dcc_v1_4/src"
make -C ps7_cortexa9_0/libsrc/coresightps_dcc_v1_4/src -s libs  "SHELL=CMD" "COMPILER=arm-none-eabi-gcc" "ARCHIVER=arm-none-eabi-ar" "COMPILER_FLAGS=  -O2 -c" "EXTRA_COMPILER_FLAGS=-mcpu=cortex-a9 -mfpu=vfpv3 -mfloat-abi=hard -nostartfiles -g -Wall -Wextra"
"Compiling coresightps_dcc"
arm-none-eabi-ar: creating ../../../lib/libxil.a
"Running Make libs in ps7_cortexa9_0/libsrc/cpu_cortexa9_v2_6/src"
make -C ps7_cortexa9_0/libsrc/cpu_cortexa9_v2_6/src -s libs  "SHELL=CMD" "COMPILER=arm-none-eabi-gcc" "ARCHIVER=arm-none-eabi-ar" "COMPILER_FLAGS=  -O2 -c" "EXTRA_COMPILER_FLAGS=-mcpu=cortex-a9 -mfpu=vfpv3 -mfloat-abi=hard -nostartfiles -g -Wall -Wextra"
"Compiling cpu_cortexa9"
"Running Make libs in ps7_cortexa9_0/libsrc/ddrps_v1_0/src"
make -C ps7_cortexa9_0/libsrc/ddrps_v1_0/src -s libs  "SHELL=CMD" "COMPILER=arm-none-eabi-gcc" "ARCHIVER=arm-none-eabi-ar" "COMPILER_FLAGS=  -O2 -c" "EXTRA_COMPILER_FLAGS=-mcpu=cortex-a9 -mfpu=vfpv3 -mfloat-abi=hard -nostartfiles -g -Wall -Wextra"
"Compiling ddrps"
"Running Make libs in ps7_cortexa9_0/libsrc/devcfg_v3_5/src"
make -C ps7_cortexa9_0/libsrc/devcfg_v3_5/src -s libs  "SHELL=CMD" "COMPILER=arm-none-eabi-gcc" "ARCHIVER=arm-none-eabi-ar" "COMPILER_FLAGS=  -O2 -c" "EXTRA_COMPILER_FLAGS=-mcpu=cortex-a9 -mfpu=vfpv3 -mfloat-abi=hard -nostartfiles -g -Wall -Wextra"
"Compiling devcfg"
"Running Make libs in ps7_cortexa9_0/libsrc/dmaps_v2_3/src"
make -C ps7_cortexa9_0/libsrc/dmaps_v2_3/src -s libs  "SHELL=CMD" "COMPILER=arm-none-eabi-gcc" "ARCHIVER=arm-none-eabi-ar" "COMPILER_FLAGS=  -O2 -c" "EXTRA_COMPILER_FLAGS=-mcpu=cortex-a9 -mfpu=vfpv3 -mfloat-abi=hard -nostartfiles -g -Wall -Wextra"
"Compiling dmaps"
"Running Make libs in ps7_cortexa9_0/libsrc/emacps_v3_7/src"
make -C ps7_cortexa9_0/libsrc/emacps_v3_7/src -s libs  "SHELL=CMD" "COMPILER=arm-none-eabi-gcc" "ARCHIVER=arm-none-eabi-ar" "COMPILER_FLAGS=  -O2 -c" "EXTRA_COMPILER_FLAGS=-mcpu=cortex-a9 -mfpu=vfpv3 -mfloat-abi=hard -nostartfiles -g -Wall -Wextra"
"Compiling emacps"
"Running Make libs in ps7_cortexa9_0/libsrc/gpio_v4_3/src"
make -C ps7_cortexa9_0/libsrc/gpio_v4_3/src -s libs  "SHELL=CMD" "COMPILER=arm-none-eabi-gcc" "ARCHIVER=arm-none-eabi-ar" "COMPILER_FLAGS=  -O2 -c" "EXTRA_COMPILER_FLAGS=-mcpu=cortex-a9 -mfpu=vfpv3 -mfloat-abi=hard -nostartfiles -g -Wall -Wextra"
"Compiling gpio"
"Running Make libs in ps7_cortexa9_0/libsrc/gpiops_v3_3/src"
make -C ps7_cortexa9_0/libsrc/gpiops_v3_3/src -s libs  "SHELL=CMD" "COMPILER=arm-none-eabi-gcc" "ARCHIVER=arm-none-eabi-ar" "COMPILER_FLAGS=  -O2 -c" "EXTRA_COMPILER_FLAGS=-mcpu=cortex-a9 -mfpu=vfpv3 -mfloat-abi=hard -nostartfiles -g -Wall -Wextra"
"Compiling gpiops"
"Running Make libs in ps7_cortexa9_0/libsrc/qspips_v3_4/src"
make -C ps7_cortexa9_0/libsrc/qspips_v3_4/src -s libs  "SHELL=CMD" "COMPILER=arm-none-eabi-gcc" "ARCHIVER=arm-none-eabi-ar" "COMPILER_FLAGS=  -O2 -c" "EXTRA_COMPILER_FLAGS=-mcpu=cortex-a9 -mfpu=vfpv3 -mfloat-abi=hard -nostartfiles -g -Wall -Wextra"
"Compiling qspips"
"Running Make libs in ps7_cortexa9_0/libsrc/scugic_v3_9/src"
make -C ps7_cortexa9_0/libsrc/scugic_v3_9/src -s libs  "SHELL=CMD" "COMPILER=arm-none-eabi-gcc" "ARCHIVER=arm-none-eabi-ar" "COMPILER_FLAGS=  -O2 -c" "EXTRA_COMPILER_FLAGS=-mcpu=cortex-a9 -mfpu=vfpv3 -mfloat-abi=hard -nostartfiles -g -Wall -Wextra"
"Compiling scugic"
"Running Make libs in ps7_cortexa9_0/libsrc/scutimer_v2_1/src"
make -C ps7_cortexa9_0/libsrc/scutimer_v2_1/src -s libs  "SHELL=CMD" "COMPILER=arm-none-eabi-gcc" "ARCHIVER=arm-none-eabi-ar" "COMPILER_FLAGS=  -O2 -c" "EXTRA_COMPILER_FLAGS=-mcpu=cortex-a9 -mfpu=vfpv3 -mfloat-abi=hard -nostartfiles -g -Wall -Wextra"
"Compiling scutimer"
"Running Make libs in ps7_cortexa9_0/libsrc/scuwdt_v2_1/src"
make -C ps7_cortexa9_0/libsrc/scuwdt_v2_1/src -s libs  "SHELL=CMD" "COMPILER=arm-none-eabi-gcc" "ARCHIVER=arm-none-eabi-ar" "COMPILER_FLAGS=  -O2 -c" "EXTRA_COMPILER_FLAGS=-mcpu=cortex-a9 -mfpu=vfpv3 -mfloat-abi=hard -nostartfiles -g -Wall -Wextra"
"Compiling scuwdt"
"Running Make libs in ps7_cortexa9_0/libsrc/sdps_v3_4/src"
make -C ps7_cortexa9_0/libsrc/sdps_v3_4/src -s libs  "SHELL=CMD" "COMPILER=arm-none-eabi-gcc" "ARCHIVER=arm-none-eabi-ar" "COMPILER_FLAGS=  -O2 -c" "EXTRA_COMPILER_FLAGS=-mcpu=cortex-a9 -mfpu=vfpv3 -mfloat-abi=hard -nostartfiles -g -Wall -Wextra"
"Compiling sdps"
xsdps.c: In function 'XSdPs_FrameCmd':
xsdps.c:1272:11: warning: this statement may fall through [-Wimplicit-fallthrough=]
    RetVal |= RESP_R1 | (u32)XSDPS_DAT_PRESENT_SEL_MASK;
xsdps.c:1273:3: note: here
   case ACMD41:
   ^~~~
"Running Make libs in ps7_cortexa9_0/libsrc/standalone_v6_6/src"
make -C ps7_cortexa9_0/libsrc/standalone_v6_6/src -s libs  "SHELL=CMD" "COMPILER=arm-none-eabi-gcc" "ARCHIVER=arm-none-eabi-ar" "COMPILER_FLAGS=  -O2 -c" "EXTRA_COMPILER_FLAGS=-mcpu=cortex-a9 -mfpu=vfpv3 -mfloat-abi=hard -nostartfiles -g -Wall -Wextra"
"Compiling standalone"
In file included from sleep.c:57:0:
xtime_l.h:89:9: note: #pragma message: For the sleep routines, Global timer is being used
 #pragma message ("For the sleep routines, Global timer is being used")
         ^~~~~~~
In file included from usleep.c:60:0:
xtime_l.h:89:9: note: #pragma message: For the sleep routines, Global timer is being used
 #pragma message ("For the sleep routines, Global timer is being used")
         ^~~~~~~
In file included from xil_sleeptimer.c:54:0:
xtime_l.h:89:9: note: #pragma message: For the sleep routines, Global timer is being used
 #pragma message ("For the sleep routines, Global timer is being used")
         ^~~~~~~
In file included from xtime_l.c:53:0:
xtime_l.h:89:9: note: #pragma message: For the sleep routines, Global timer is being used
 #pragma message ("For the sleep routines, Global timer is being used")
         ^~~~~~~
"Running Make libs in ps7_cortexa9_0/libsrc/uartps_v3_6/src"
make -C ps7_cortexa9_0/libsrc/uartps_v3_6/src -s libs  "SHELL=CMD" "COMPILER=arm-none-eabi-gcc" "ARCHIVER=arm-none-eabi-ar" "COMPILER_FLAGS=  -O2 -c" "EXTRA_COMPILER_FLAGS=-mcpu=cortex-a9 -mfpu=vfpv3 -mfloat-abi=hard -nostartfiles -g -Wall -Wextra"
"Compiling uartps"
"Running Make libs in ps7_cortexa9_0/libsrc/usbps_v2_4/src"
make -C ps7_cortexa9_0/libsrc/usbps_v2_4/src -s libs  "SHELL=CMD" "COMPILER=arm-none-eabi-gcc" "ARCHIVER=arm-none-eabi-ar" "COMPILER_FLAGS=  -O2 -c" "EXTRA_COMPILER_FLAGS=-mcpu=cortex-a9 -mfpu=vfpv3 -mfloat-abi=hard -nostartfiles -g -Wall -Wextra"
"Compiling usbps"
"Running Make libs in ps7_cortexa9_0/libsrc/xadcps_v2_2/src"
make -C ps7_cortexa9_0/libsrc/xadcps_v2_2/src -s libs  "SHELL=CMD" "COMPILER=arm-none-eabi-gcc" "ARCHIVER=arm-none-eabi-ar" "COMPILER_FLAGS=  -O2 -c" "EXTRA_COMPILER_FLAGS=-mcpu=cortex-a9 -mfpu=vfpv3 -mfloat-abi=hard -nostartfiles -g -Wall -Wextra"
"Compiling xadcps"
'Finished building libraries'
22:57:18 **** Build of configuration Debug for project hello ****
make pre-build main-build 
a9-linaro-pre-build-step
' '
'Building file: ../src/helloworld.c'
'Invoking: ARM v7 gcc compiler'
arm-none-eabi-gcc -Wall -O0 -g3 -c -fmessage-length=0 -MT"src/helloworld.o" -mcpu=cortex-a9 -mfpu=vfpv3 -mfloat-abi=hard -I../../hello_bsp/ps7_cortexa9_0/include -MMD -MP -MF"src/helloworld.d" -MT"src/helloworld.o" -o "src/helloworld.o" "../src/helloworld.c"
'Finished building: ../src/helloworld.c'
' '
'Building file: ../src/platform.c'
'Invoking: ARM v7 gcc compiler'
arm-none-eabi-gcc -Wall -O0 -g3 -c -fmessage-length=0 -MT"src/platform.o" -mcpu=cortex-a9 -mfpu=vfpv3 -mfloat-abi=hard -I../../hello_bsp/ps7_cortexa9_0/include -MMD -MP -MF"src/platform.d" -MT"src/platform.o" -o "src/platform.o" "../src/platform.c"
'Finished building: ../src/platform.c'
' '
'Building target: hello.elf'
'Invoking: ARM v7 gcc linker'
arm-none-eabi-gcc -mcpu=cortex-a9 -mfpu=vfpv3 -mfloat-abi=hard -Wl,-build-id=none -specs=Xilinx.spec -Wl,-T -Wl,../src/lscript.ld -L../../hello_bsp/ps7_cortexa9_0/lib -o "hello.elf"  ./src/helloworld.o ./src/platform.o   -Wl,--start-group,-lxil,-lgcc,-lc,--end-group
'Finished building target: hello.elf'
' '
'Invoking: ARM v7 Print Size'
arm-none-eabi-size hello.elf  |tee "hello.elf.size"
   text	   data	    bss	    dec	    hex	filename
  19316	   1144	  22568	  43028	   a814	hello.elf
'Finished building: hello.elf.size'
' '
22:57:49 **** Incremental Build of configuration Debug for project hello ****
make pre-build main-build 
a9-linaro-pre-build-step
' '
make: Nothing to be done for `main-build'.
22:58:16 **** Build of configuration Debug for project hello_bsp_xgpio_example_1 ****
make pre-build main-build 
a9-linaro-pre-build-step
' '
'Building file: ../src/xgpio_example.c'
'Invoking: ARM v7 gcc compiler'
arm-none-eabi-gcc -Wall -O0 -g3 -c -fmessage-length=0 -MT"src/xgpio_example.o" -mcpu=cortex-a9 -mfpu=vfpv3 -mfloat-abi=hard -I../../hello_bsp/ps7_cortexa9_0/include -MMD -MP -MF"src/xgpio_example.d" -MT"src/xgpio_example.o" -o "src/xgpio_example.o" "../src/xgpio_example.c"
'Finished building: ../src/xgpio_example.c'
' '
'Building target: hello_bsp_xgpio_example_1.elf'
'Invoking: ARM v7 gcc linker'
arm-none-eabi-gcc -mcpu=cortex-a9 -mfpu=vfpv3 -mfloat-abi=hard -Wl,-build-id=none -specs=Xilinx.spec -Wl,-T -Wl,../src/lscript.ld -L../../hello_bsp/ps7_cortexa9_0/lib -o "hello_bsp_xgpio_example_1.elf"  ./src/xgpio_example.o   -Wl,--start-group,-lxil,-lgcc,-lc,--end-group
'Finished building target: hello_bsp_xgpio_example_1.elf'
' '
'Invoking: ARM v7 Print Size'
arm-none-eabi-size hello_bsp_xgpio_example_1.elf  |tee "hello_bsp_xgpio_example_1.elf.size"
   text	   data	    bss	    dec	    hex	filename
  23648	   1168	  22600	  47416	   b938	hello_bsp_xgpio_example_1.elf
'Finished building: hello_bsp_xgpio_example_1.elf.size'
' '
22:58:30 **** Incremental Build of configuration Debug for project hello ****
make pre-build main-build 
a9-linaro-pre-build-step
' '
make: Nothing to be done for `main-build'.
22:59:43 **** Incremental Build of configuration Debug for project hello ****
make pre-build main-build 
a9-linaro-pre-build-step
' '
make: Nothing to be done for `main-build'.
23:00:56 **** Auto Build of configuration Debug for project hello_bsp_xgpio_example_1 ****
make pre-build main-build 
a9-linaro-pre-build-step
' '
'Building file: ../src/xgpio_example.c'
'Invoking: ARM v7 gcc compiler'
arm-none-eabi-gcc -Wall -O0 -g3 -c -fmessage-length=0 -MT"src/xgpio_example.o" -mcpu=cortex-a9 -mfpu=vfpv3 -mfloat-abi=hard -I../../hello_bsp/ps7_cortexa9_0/include -MMD -MP -MF"src/xgpio_example.d" -MT"src/xgpio_example.o" -o "src/xgpio_example.o" "../src/xgpio_example.c"
'Finished building: ../src/xgpio_example.c'
' '
'Building target: hello_bsp_xgpio_example_1.elf'
'Invoking: ARM v7 gcc linker'
arm-none-eabi-gcc -mcpu=cortex-a9 -mfpu=vfpv3 -mfloat-abi=hard -Wl,-build-id=none -specs=Xilinx.spec -Wl,-T -Wl,../src/lscript.ld -L../../hello_bsp/ps7_cortexa9_0/lib -o "hello_bsp_xgpio_example_1.elf"  ./src/xgpio_example.o   -Wl,--start-group,-lxil,-lgcc,-lc,--end-group
'Finished building target: hello_bsp_xgpio_example_1.elf'
' '
'Invoking: ARM v7 Print Size'
arm-none-eabi-size hello_bsp_xgpio_example_1.elf  |tee "hello_bsp_xgpio_example_1.elf.size"
   text	   data	    bss	    dec	    hex	filename
  23676	   1168	  22600	  47444	   b954	hello_bsp_xgpio_example_1.elf
'Finished building: hello_bsp_xgpio_example_1.elf.size'
' '
23:01:05 **** Incremental Build of configuration Debug for project hello ****
make pre-build main-build 
a9-linaro-pre-build-step
' '
make: Nothing to be done for `main-build'.
23:01:38 **** Auto Build of configuration Debug for project hello_bsp_xgpio_example_1 ****
make pre-build main-build 
a9-linaro-pre-build-step
' '
'Building file: ../src/xgpio_example.c'
'Invoking: ARM v7 gcc compiler'
arm-none-eabi-gcc -Wall -O0 -g3 -c -fmessage-length=0 -MT"src/xgpio_example.o" -mcpu=cortex-a9 -mfpu=vfpv3 -mfloat-abi=hard -I../../hello_bsp/ps7_cortexa9_0/include -MMD -MP -MF"src/xgpio_example.d" -MT"src/xgpio_example.o" -o "src/xgpio_example.o" "../src/xgpio_example.c"
'Finished building: ../src/xgpio_example.c'
' '
'Building target: hello_bsp_xgpio_example_1.elf'
'Invoking: ARM v7 gcc linker'
arm-none-eabi-gcc -mcpu=cortex-a9 -mfpu=vfpv3 -mfloat-abi=hard -Wl,-build-id=none -specs=Xilinx.spec -Wl,-T -Wl,../src/lscript.ld -L../../hello_bsp/ps7_cortexa9_0/lib -o "hello_bsp_xgpio_example_1.elf"  ./src/xgpio_example.o   -Wl,--start-group,-lxil,-lgcc,-lc,--end-group
'Finished building target: hello_bsp_xgpio_example_1.elf'
' '
'Invoking: ARM v7 Print Size'
arm-none-eabi-size hello_bsp_xgpio_example_1.elf  |tee "hello_bsp_xgpio_example_1.elf.size"
   text	   data	    bss	    dec	    hex	filename
  23676	   1168	  22600	  47444	   b954	hello_bsp_xgpio_example_1.elf
'Finished building: hello_bsp_xgpio_example_1.elf.size'
' '
23:01:58 **** Incremental Build of configuration Debug for project hello_bsp_xgpio_example_1 ****
make pre-build main-build 
a9-linaro-pre-build-step
' '
make: Nothing to be done for `main-build'.

**** Build of configuration Debug for project led_bsp_mculover666 ****

Nothing to build for project led_bsp_mculover666
11:43:11 **** Auto Build of configuration Debug for project led_bsp_mculover666 ****
make pre-build main-build 
a9-linaro-pre-build-step
' '
'Building file: ../src/led_bsp_mculover666.c'
'Invoking: ARM v7 gcc compiler'
arm-none-eabi-gcc -Wall -O0 -g3 -c -fmessage-length=0 -MT"src/led_bsp_mculover666.o" -mcpu=cortex-a9 -mfpu=vfpv3 -mfloat-abi=hard -I../../hello_bsp/ps7_cortexa9_0/include -MMD -MP -MF"src/led_bsp_mculover666.d" -MT"src/led_bsp_mculover666.o" -o "src/led_bsp_mculover666.o" "../src/led_bsp_mculover666.c"
'Finished building: ../src/led_bsp_mculover666.c'
' '
'Building file: ../src/main.c'
'Invoking: ARM v7 gcc compiler'
arm-none-eabi-gcc -Wall -O0 -g3 -c -fmessage-length=0 -MT"src/main.o" -mcpu=cortex-a9 -mfpu=vfpv3 -mfloat-abi=hard -I../../hello_bsp/ps7_cortexa9_0/include -MMD -MP -MF"src/main.d" -MT"src/main.o" -o "src/main.o" "../src/main.c"
'Finished building: ../src/main.c'
' '
'Building target: led_bsp_mculover666.elf'
'Invoking: ARM v7 gcc linker'
arm-none-eabi-gcc -mcpu=cortex-a9 -mfpu=vfpv3 -mfloat-abi=hard -Wl,-build-id=none -specs=Xilinx.spec -Wl,-T -Wl,../src/lscript.ld -L../../hello_bsp/ps7_cortexa9_0/lib -o "led_bsp_mculover666.elf"  ./src/led_bsp_mculover666.o ./src/main.o   -Wl,--start-group,-lxil,-lgcc,-lc,--end-group
'Finished building target: led_bsp_mculover666.elf'
' '
'Invoking: ARM v7 Print Size'
arm-none-eabi-size led_bsp_mculover666.elf  |tee "led_bsp_mculover666.elf.size"
   text	   data	    bss	    dec	    hex	filename
  21276	   1160	  22600	  45036	   afec	led_bsp_mculover666.elf
'Finished building: led_bsp_mculover666.elf.size'
' '
11:44:49 **** Incremental Build of configuration Debug for project led_bsp_mculover666 ****
make pre-build main-build 
a9-linaro-pre-build-step
' '
make: Nothing to be done for `main-build'.
11:45:22 **** Incremental Build of configuration Debug for project led_bsp_mculover666 ****
make pre-build main-build 
a9-linaro-pre-build-step
' '
make: Nothing to be done for `main-build'.
11:45:49 **** Incremental Build of configuration Debug for project led_bsp_mculover666 ****
make pre-build main-build 
a9-linaro-pre-build-step
' '
make: Nothing to be done for `main-build'.
11:47:19 **** Auto Build of configuration Debug for project led_bsp_mculover666 ****
make pre-build main-build 
a9-linaro-pre-build-step
' '
'Building file: ../src/led_bsp_mculover666.c'
'Invoking: ARM v7 gcc compiler'
arm-none-eabi-gcc -Wall -O0 -g3 -c -fmessage-length=0 -MT"src/led_bsp_mculover666.o" -mcpu=cortex-a9 -mfpu=vfpv3 -mfloat-abi=hard -I../../hello_bsp/ps7_cortexa9_0/include -MMD -MP -MF"src/led_bsp_mculover666.d" -MT"src/led_bsp_mculover666.o" -o "src/led_bsp_mculover666.o" "../src/led_bsp_mculover666.c"
'Finished building: ../src/led_bsp_mculover666.c'
' '
'Building file: ../src/main.c'
'Invoking: ARM v7 gcc compiler'
arm-none-eabi-gcc -Wall -O0 -g3 -c -fmessage-length=0 -MT"src/main.o" -mcpu=cortex-a9 -mfpu=vfpv3 -mfloat-abi=hard -I../../hello_bsp/ps7_cortexa9_0/include -MMD -MP -MF"src/main.d" -MT"src/main.o" -o "src/main.o" "../src/main.c"
'Finished building: ../src/main.c'
' '
'Building target: led_bsp_mculover666.elf'
'Invoking: ARM v7 gcc linker'
arm-none-eabi-gcc -mcpu=cortex-a9 -mfpu=vfpv3 -mfloat-abi=hard -Wl,-build-id=none -specs=Xilinx.spec -Wl,-T -Wl,../src/lscript.ld -L../../hello_bsp/ps7_cortexa9_0/lib -o "led_bsp_mculover666.elf"  ./src/led_bsp_mculover666.o ./src/main.o   -Wl,--start-group,-lxil,-lgcc,-lc,--end-group
'Finished building target: led_bsp_mculover666.elf'
' '
'Invoking: ARM v7 Print Size'
arm-none-eabi-size led_bsp_mculover666.elf  |tee "led_bsp_mculover666.elf.size"
   text	   data	    bss	    dec	    hex	filename
  21276	   1160	  22600	  45036	   afec	led_bsp_mculover666.elf
'Finished building: led_bsp_mculover666.elf.size'
' '

**** Build of configuration Debug for project rgbled_bsp_mculover666 ****

Nothing to build for project rgbled_bsp_mculover666
11:49:34 **** Auto Build of configuration Debug for project rgbled_bsp_mculover666 ****
make pre-build main-build 
a9-linaro-pre-build-step
' '
'Building file: ../src/led_bsp_mculover666.c'
'Invoking: ARM v7 gcc compiler'
arm-none-eabi-gcc -Wall -O0 -g3 -c -fmessage-length=0 -MT"src/led_bsp_mculover666.o" -mcpu=cortex-a9 -mfpu=vfpv3 -mfloat-abi=hard -I../../hello_bsp/ps7_cortexa9_0/include -MMD -MP -MF"src/led_bsp_mculover666.d" -MT"src/led_bsp_mculover666.o" -o "src/led_bsp_mculover666.o" "../src/led_bsp_mculover666.c"
'Finished building: ../src/led_bsp_mculover666.c'
' '
'Building file: ../src/main.c'
'Invoking: ARM v7 gcc compiler'
arm-none-eabi-gcc -Wall -O0 -g3 -c -fmessage-length=0 -MT"src/main.o" -mcpu=cortex-a9 -mfpu=vfpv3 -mfloat-abi=hard -I../../hello_bsp/ps7_cortexa9_0/include -MMD -MP -MF"src/main.d" -MT"src/main.o" -o "src/main.o" "../src/main.c"
'Finished building: ../src/main.c'
' '
'Building target: rgbled_bsp_mculover666.elf'
'Invoking: ARM v7 gcc linker'
arm-none-eabi-gcc -mcpu=cortex-a9 -mfpu=vfpv3 -mfloat-abi=hard -Wl,-build-id=none -specs=Xilinx.spec -Wl,-T -Wl,../src/lscript.ld -L../../hello_bsp/ps7_cortexa9_0/lib -o "rgbled_bsp_mculover666.elf"  ./src/led_bsp_mculover666.o ./src/main.o   -Wl,--start-group,-lxil,-lgcc,-lc,--end-group
'Finished building target: rgbled_bsp_mculover666.elf'
' '
'Invoking: ARM v7 Print Size'
arm-none-eabi-size rgbled_bsp_mculover666.elf  |tee "rgbled_bsp_mculover666.elf.size"
   text	   data	    bss	    dec	    hex	filename
  21276	   1160	  22600	  45036	   afec	rgbled_bsp_mculover666.elf
'Finished building: rgbled_bsp_mculover666.elf.size'
' '
11:49:54 **** Clean-only build of configuration Debug for project rgbled_bsp_mculover666 ****
make clean 
rm -rf  ./src/led_bsp_mculover666.o ./src/main.o  ./src/led_bsp_mculover666.d ./src/main.d  rgbled_bsp_mculover666.elf.size  rgbled_bsp_mculover666.elf
' '
11:49:55 **** Auto Build of configuration Debug for project rgbled_bsp_mculover666 ****
make pre-build main-build 
a9-linaro-pre-build-step
' '
'Building file: ../src/main.c'
'Invoking: ARM v7 gcc compiler'
arm-none-eabi-gcc -Wall -O0 -g3 -c -fmessage-length=0 -MT"src/main.o" -mcpu=cortex-a9 -mfpu=vfpv3 -mfloat-abi=hard -I../../hello_bsp/ps7_cortexa9_0/include -MMD -MP -MF"src/main.d" -MT"src/main.o" -o "src/main.o" "../src/main.c"
'Finished building: ../src/main.c'
' '
'Building file: ../src/rgbled_bsp_mculover666.c'
'Invoking: ARM v7 gcc compiler'
arm-none-eabi-gcc -Wall -O0 -g3 -c -fmessage-length=0 -MT"src/rgbled_bsp_mculover666.o" -mcpu=cortex-a9 -mfpu=vfpv3 -mfloat-abi=hard -I../../hello_bsp/ps7_cortexa9_0/include -MMD -MP -MF"src/rgbled_bsp_mculover666.d" -MT"src/rgbled_bsp_mculover666.o" -o "src/rgbled_bsp_mculover666.o" "../src/rgbled_bsp_mculover666.c"
'Finished building: ../src/rgbled_bsp_mculover666.c'
' '
'Building target: rgbled_bsp_mculover666.elf'
'Invoking: ARM v7 gcc linker'
arm-none-eabi-gcc -mcpu=cortex-a9 -mfpu=vfpv3 -mfloat-abi=hard -Wl,-build-id=none -specs=Xilinx.spec -Wl,-T -Wl,../src/lscript.ld -L../../hello_bsp/ps7_cortexa9_0/lib -o "rgbled_bsp_mculover666.elf"  ./src/main.o ./src/rgbled_bsp_mculover666.o   -Wl,--start-group,-lxil,-lgcc,-lc,--end-group
'Finished building target: rgbled_bsp_mculover666.elf'
' '
'Invoking: ARM v7 Print Size'
arm-none-eabi-size rgbled_bsp_mculover666.elf  |tee "rgbled_bsp_mculover666.elf.size"
   text	   data	    bss	    dec	    hex	filename
  21276	   1160	  22600	  45036	   afec	rgbled_bsp_mculover666.elf
'Finished building: rgbled_bsp_mculover666.elf.size'
' '
11:50:05 **** Clean-only build of configuration Debug for project rgbled_bsp_mculover666 ****
make clean 
rm -rf  ./src/main.o ./src/rgbled_bsp_mculover666.o  ./src/main.d ./src/rgbled_bsp_mculover666.d  rgbled_bsp_mculover666.elf.size  rgbled_bsp_mculover666.elf
' '
11:50:06 **** Auto Build of configuration Debug for project rgbled_bsp_mculover666 ****
make pre-build main-build 
a9-linaro-pre-build-step
' '
'Building file: ../src/main.c'
'Invoking: ARM v7 gcc compiler'
arm-none-eabi-gcc -Wall -O0 -g3 -c -fmessage-length=0 -MT"src/main.o" -mcpu=cortex-a9 -mfpu=vfpv3 -mfloat-abi=hard -I../../hello_bsp/ps7_cortexa9_0/include -MMD -MP -MF"src/main.d" -MT"src/main.o" -o "src/main.o" "../src/main.c"
'Finished building: ../src/main.c'
' '
'Building file: ../src/rgbled_bsp_mculover666.c'
'Invoking: ARM v7 gcc compiler'
arm-none-eabi-gcc -Wall -O0 -g3 -c -fmessage-length=0 -MT"src/rgbled_bsp_mculover666.o" -mcpu=cortex-a9 -mfpu=vfpv3 -mfloat-abi=hard -I../../hello_bsp/ps7_cortexa9_0/include -MMD -MP -MF"src/rgbled_bsp_mculover666.d" -MT"src/rgbled_bsp_mculover666.o" -o "src/rgbled_bsp_mculover666.o" "../src/rgbled_bsp_mculover666.c"
'Finished building: ../src/rgbled_bsp_mculover666.c'
' '
'Building target: rgbled_bsp_mculover666.elf'
'Invoking: ARM v7 gcc linker'
arm-none-eabi-gcc -mcpu=cortex-a9 -mfpu=vfpv3 -mfloat-abi=hard -Wl,-build-id=none -specs=Xilinx.spec -Wl,-T -Wl,../src/lscript.ld -L../../hello_bsp/ps7_cortexa9_0/lib -o "rgbled_bsp_mculover666.elf"  ./src/main.o ./src/rgbled_bsp_mculover666.o   -Wl,--start-group,-lxil,-lgcc,-lc,--end-group
'Finished building target: rgbled_bsp_mculover666.elf'
' '
'Invoking: ARM v7 Print Size'
arm-none-eabi-size rgbled_bsp_mculover666.elf  |tee "rgbled_bsp_mculover666.elf.size"
   text	   data	    bss	    dec	    hex	filename
  21276	   1160	  22600	  45036	   afec	rgbled_bsp_mculover666.elf
'Finished building: rgbled_bsp_mculover666.elf.size'
' '
11:59:06 **** Auto Build of configuration Debug for project rgbled_bsp_mculover666 ****
make pre-build main-build 
a9-linaro-pre-build-step
' '
'Building file: ../src/rgbled_bsp_mculover666.c'
'Invoking: ARM v7 gcc compiler'
arm-none-eabi-gcc -Wall -O0 -g3 -c -fmessage-length=0 -MT"src/rgbled_bsp_mculover666.o" -mcpu=cortex-a9 -mfpu=vfpv3 -mfloat-abi=hard -I../../hello_bsp/ps7_cortexa9_0/include -MMD -MP -MF"src/rgbled_bsp_mculover666.d" -MT"src/rgbled_bsp_mculover666.o" -o "src/rgbled_bsp_mculover666.o" "../src/rgbled_bsp_mculover666.c"
../src/rgbled_bsp_mculover666.c: In function 'RGBled_init':
../src/rgbled_bsp_mculover666.c:19:26: error: 'RGBLED_XGpio_Device_ID' undeclared (first use in this function); did you mean 'LED_XGpio_Device_ID'?
  XGpio_Initialize(&gpio, RGBLED_XGpio_Device_ID);
                          ^~~~~~~~~~~~~~~~~~~~~~
                          LED_XGpio_Device_ID
../src/rgbled_bsp_mculover666.c:19:26: note: each undeclared identifier is reported only once for each function it appears in
../src/rgbled_bsp_mculover666.c:23:32: error: 'RGBLED_XGpio_Channel' undeclared (first use in this function); did you mean 'LED_XGpio_Channel'?
  XGpio_SetDataDirection(&gpio, RGBLED_XGpio_Channel, ~LED);
                                ^~~~~~~~~~~~~~~~~~~~
                                LED_XGpio_Channel
../src/rgbled_bsp_mculover666.c: In function 'RGBLED1_R_Statue':
../src/rgbled_bsp_mculover666.c:34:28: error: 'RGBLED_XGpio_Channel' undeclared (first use in this function); did you mean 'LED_XGpio_Channel'?
   XGpio_DiscreteSet(&gpio, RGBLED_XGpio_Channel, RGBLED1_R); //低电平点亮
                            ^~~~~~~~~~~~~~~~~~~~
                            LED_XGpio_Channel
../src/rgbled_bsp_mculover666.c:34:50: error: 'RGBLED1_R' undeclared (first use in this function); did you mean 'RGBLED1_R_Statue'?
   XGpio_DiscreteSet(&gpio, RGBLED_XGpio_Channel, RGBLED1_R); //低电平点亮
                                                  ^~~~~~~~~
                                                  RGBLED1_R_Statue
../src/rgbled_bsp_mculover666.c: In function 'RGBLED1_G_Statue':
../src/rgbled_bsp_mculover666.c:41:28: error: 'RGBLED_XGpio_Channel' undeclared (first use in this function); did you mean 'LED_XGpio_Channel'?
   XGpio_DiscreteSet(&gpio, RGBLED_XGpio_Channel, RGBLED1_G); //低电平点亮
                            ^~~~~~~~~~~~~~~~~~~~
                            LED_XGpio_Channel
../src/rgbled_bsp_mculover666.c:41:50: error: 'RGBLED1_G' undeclared (first use in this function); did you mean 'RGBLED1_G_Statue'?
   XGpio_DiscreteSet(&gpio, RGBLED_XGpio_Channel, RGBLED1_G); //低电平点亮
                                                  ^~~~~~~~~
                                                  RGBLED1_G_Statue
../src/rgbled_bsp_mculover666.c: In function 'RGBLED1_B_Statue':
../src/rgbled_bsp_mculover666.c:48:28: error: 'RGBLED_XGpio_Channel' undeclared (first use in this function); did you mean 'LED_XGpio_Channel'?
   XGpio_DiscreteSet(&gpio, RGBLED_XGpio_Channel, RGBLED1_B); //低电平点亮
                            ^~~~~~~~~~~~~~~~~~~~
                            LED_XGpio_Channel
../src/rgbled_bsp_mculover666.c:48:50: error: 'RGBLED1_B' undeclared (first use in this function); did you mean 'RGBLED1_B_Statue'?
   XGpio_DiscreteSet(&gpio, RGBLED_XGpio_Channel, RGBLED1_B); //低电平点亮
                                                  ^~~~~~~~~
                                                  RGBLED1_B_Statue
../src/rgbled_bsp_mculover666.c: In function 'RGBLED2_R_Statue':
../src/rgbled_bsp_mculover666.c:55:28: error: 'RGBLED_XGpio_Channel' undeclared (first use in this function); did you mean 'LED_XGpio_Channel'?
   XGpio_DiscreteSet(&gpio, RGBLED_XGpio_Channel, RGBLED2_R); //低电平点亮
                            ^~~~~~~~~~~~~~~~~~~~
                            LED_XGpio_Channel
../src/rgbled_bsp_mculover666.c:55:50: error: 'RGBLED2_R' undeclared (first use in this function); did you mean 'RGBLED2_R_Statue'?
   XGpio_DiscreteSet(&gpio, RGBLED_XGpio_Channel, RGBLED2_R); //低电平点亮
                                                  ^~~~~~~~~
                                                  RGBLED2_R_Statue
../src/rgbled_bsp_mculover666.c: In function 'RGBLED2_G_Statue':
../src/rgbled_bsp_mculover666.c:62:28: error: 'RGBLED_XGpio_Channel' undeclared (first use in this function); did you mean 'LED_XGpio_Channel'?
   XGpio_DiscreteSet(&gpio, RGBLED_XGpio_Channel, RGBLED2_G); //低电平点亮
                            ^~~~~~~~~~~~~~~~~~~~
                            LED_XGpio_Channel
../src/rgbled_bsp_mculover666.c:62:50: error: 'RGBLED2_G' undeclared (first use in this function); did you mean 'RGBLED2_G_Statue'?
   XGpio_DiscreteSet(&gpio, RGBLED_XGpio_Channel, RGBLED2_G); //低电平点亮
                                                  ^~~~~~~~~
                                                  RGBLED2_G_Statue
../src/rgbled_bsp_mculover666.c: In function 'RGBLED2_B_Statue':
../src/rgbled_bsp_mculover666.c:69:28: error: 'RGBLED_XGpio_Channel' undeclared (first use in this function); did you mean 'LED_XGpio_Channel'?
   XGpio_DiscreteSet(&gpio, RGBLED_XGpio_Channel, RGBLED2_B); //低电平点亮
                            ^~~~~~~~~~~~~~~~~~~~
                            LED_XGpio_Channel
../src/rgbled_bsp_mculover666.c:69:50: error: 'RGBLED2_B' undeclared (first use in this function); did you mean 'RGBLED2_B_Statue'?
   XGpio_DiscreteSet(&gpio, RGBLED_XGpio_Channel, RGBLED2_B); //低电平点亮
                                                  ^~~~~~~~~
                                                  RGBLED2_B_Statue
../src/rgbled_bsp_mculover666.c: In function 'RGBLED_Statue':
../src/rgbled_bsp_mculover666.c:78:28: error: 'RGBLED_XGpio_Channel' undeclared (first use in this function); did you mean 'LED_XGpio_Channel'?
   XGpio_DiscreteSet(&gpio, RGBLED_XGpio_Channel, RGBLED); //低电平点亮
                            ^~~~~~~~~~~~~~~~~~~~
                            LED_XGpio_Channel
../src/rgbled_bsp_mculover666.c:78:50: error: 'RGBLED' undeclared (first use in this function); did you mean 'LED'?
   XGpio_DiscreteSet(&gpio, RGBLED_XGpio_Channel, RGBLED); //低电平点亮
                                                  ^~~~~~
                                                  LED
make: *** [src/rgbled_bsp_mculover666.o] 错误 1
11:59:52 **** Auto Build of configuration Debug for project rgbled_bsp_mculover666 ****
make pre-build main-build 
a9-linaro-pre-build-step
' '
'Building file: ../src/main.c'
'Invoking: ARM v7 gcc compiler'
arm-none-eabi-gcc -Wall -O0 -g3 -c -fmessage-length=0 -MT"src/main.o" -mcpu=cortex-a9 -mfpu=vfpv3 -mfloat-abi=hard -I../../hello_bsp/ps7_cortexa9_0/include -MMD -MP -MF"src/main.d" -MT"src/main.o" -o "src/main.o" "../src/main.c"
../src/main.c: In function 'main':
../src/main.c:13:2: warning: implicit declaration of function 'led_init'; did you mean 'RGBled_init'? [-Wimplicit-function-declaration]
  led_init();
  ^~~~~~~~
  RGBled_init
../src/main.c:17:2: warning: implicit declaration of function 'LED_Statue'; did you mean 'RGBLED_Statue'? [-Wimplicit-function-declaration]
  LED_Statue(ON);
  ^~~~~~~~~~
  RGBLED_Statue
'Finished building: ../src/main.c'
' '
'Building file: ../src/rgbled_bsp_mculover666.c'
'Invoking: ARM v7 gcc compiler'
arm-none-eabi-gcc -Wall -O0 -g3 -c -fmessage-length=0 -MT"src/rgbled_bsp_mculover666.o" -mcpu=cortex-a9 -mfpu=vfpv3 -mfloat-abi=hard -I../../hello_bsp/ps7_cortexa9_0/include -MMD -MP -MF"src/rgbled_bsp_mculover666.d" -MT"src/rgbled_bsp_mculover666.o" -o "src/rgbled_bsp_mculover666.o" "../src/rgbled_bsp_mculover666.c"
../src/rgbled_bsp_mculover666.c: In function 'RGBled_init':
../src/rgbled_bsp_mculover666.c:23:55: error: 'LED' undeclared (first use in this function)
  XGpio_SetDataDirection(&gpio, RGBLED_XGpio_Channel, ~LED);
                                                       ^~~
../src/rgbled_bsp_mculover666.c:23:55: note: each undeclared identifier is reported only once for each function it appears in
../src/rgbled_bsp_mculover666.c: In function 'RGBLED2_B_Statue':
../src/rgbled_bsp_mculover666.c:69:50: error: 'RGBLED2_B' undeclared (first use in this function); did you mean 'RGBLED3_B'?
   XGpio_DiscreteSet(&gpio, RGBLED_XGpio_Channel, RGBLED2_B); //低电平点亮
                                                  ^~~~~~~~~
                                                  RGBLED3_B
make: *** [src/rgbled_bsp_mculover666.o] 错误 1
12:00:09 **** Auto Build of configuration Debug for project rgbled_bsp_mculover666 ****
make pre-build main-build 
a9-linaro-pre-build-step
' '
'Building file: ../src/main.c'
'Invoking: ARM v7 gcc compiler'
arm-none-eabi-gcc -Wall -O0 -g3 -c -fmessage-length=0 -MT"src/main.o" -mcpu=cortex-a9 -mfpu=vfpv3 -mfloat-abi=hard -I../../hello_bsp/ps7_cortexa9_0/include -MMD -MP -MF"src/main.d" -MT"src/main.o" -o "src/main.o" "../src/main.c"
'Finished building: ../src/main.c'
' '
'Building file: ../src/rgbled_bsp_mculover666.c'
'Invoking: ARM v7 gcc compiler'
arm-none-eabi-gcc -Wall -O0 -g3 -c -fmessage-length=0 -MT"src/rgbled_bsp_mculover666.o" -mcpu=cortex-a9 -mfpu=vfpv3 -mfloat-abi=hard -I../../hello_bsp/ps7_cortexa9_0/include -MMD -MP -MF"src/rgbled_bsp_mculover666.d" -MT"src/rgbled_bsp_mculover666.o" -o "src/rgbled_bsp_mculover666.o" "../src/rgbled_bsp_mculover666.c"
../src/rgbled_bsp_mculover666.c: In function 'RGBled_init':
../src/rgbled_bsp_mculover666.c:23:55: error: 'LED' undeclared (first use in this function)
  XGpio_SetDataDirection(&gpio, RGBLED_XGpio_Channel, ~LED);
                                                       ^~~
../src/rgbled_bsp_mculover666.c:23:55: note: each undeclared identifier is reported only once for each function it appears in
../src/rgbled_bsp_mculover666.c: In function 'RGBLED2_B_Statue':
../src/rgbled_bsp_mculover666.c:69:50: error: 'RGBLED2_B' undeclared (first use in this function); did you mean 'RGBLED3_B'?
   XGpio_DiscreteSet(&gpio, RGBLED_XGpio_Channel, RGBLED2_B); //低电平点亮
                                                  ^~~~~~~~~
                                                  RGBLED3_B
make: *** [src/rgbled_bsp_mculover666.o] 错误 1
12:00:20 **** Auto Build of configuration Debug for project rgbled_bsp_mculover666 ****
make pre-build main-build 
a9-linaro-pre-build-step
' '
'Building file: ../src/main.c'
'Invoking: ARM v7 gcc compiler'
arm-none-eabi-gcc -Wall -O0 -g3 -c -fmessage-length=0 -MT"src/main.o" -mcpu=cortex-a9 -mfpu=vfpv3 -mfloat-abi=hard -I../../hello_bsp/ps7_cortexa9_0/include -MMD -MP -MF"src/main.d" -MT"src/main.o" -o "src/main.o" "../src/main.c"
'Finished building: ../src/main.c'
' '
'Building file: ../src/rgbled_bsp_mculover666.c'
'Invoking: ARM v7 gcc compiler'
arm-none-eabi-gcc -Wall -O0 -g3 -c -fmessage-length=0 -MT"src/rgbled_bsp_mculover666.o" -mcpu=cortex-a9 -mfpu=vfpv3 -mfloat-abi=hard -I../../hello_bsp/ps7_cortexa9_0/include -MMD -MP -MF"src/rgbled_bsp_mculover666.d" -MT"src/rgbled_bsp_mculover666.o" -o "src/rgbled_bsp_mculover666.o" "../src/rgbled_bsp_mculover666.c"
../src/rgbled_bsp_mculover666.c: In function 'RGBled_init':
../src/rgbled_bsp_mculover666.c:23:55: error: 'LED' undeclared (first use in this function)
  XGpio_SetDataDirection(&gpio, RGBLED_XGpio_Channel, ~LED);
                                                       ^~~
../src/rgbled_bsp_mculover666.c:23:55: note: each undeclared identifier is reported only once for each function it appears in
make: *** [src/rgbled_bsp_mculover666.o] 错误 1
12:00:33 **** Auto Build of configuration Debug for project rgbled_bsp_mculover666 ****
make pre-build main-build 
a9-linaro-pre-build-step
' '
'Building file: ../src/rgbled_bsp_mculover666.c'
'Invoking: ARM v7 gcc compiler'
arm-none-eabi-gcc -Wall -O0 -g3 -c -fmessage-length=0 -MT"src/rgbled_bsp_mculover666.o" -mcpu=cortex-a9 -mfpu=vfpv3 -mfloat-abi=hard -I../../hello_bsp/ps7_cortexa9_0/include -MMD -MP -MF"src/rgbled_bsp_mculover666.d" -MT"src/rgbled_bsp_mculover666.o" -o "src/rgbled_bsp_mculover666.o" "../src/rgbled_bsp_mculover666.c"
../src/rgbled_bsp_mculover666.c: In function 'RGBled_init':
../src/rgbled_bsp_mculover666.c:26:51: error: 'LED' undeclared (first use in this function)
  XGpio_DiscreteClear(&gpio, RGBLED_XGpio_Channel, LED);
                                                   ^~~
../src/rgbled_bsp_mculover666.c:26:51: note: each undeclared identifier is reported only once for each function it appears in
make: *** [src/rgbled_bsp_mculover666.o] 错误 1
12:00:41 **** Auto Build of configuration Debug for project rgbled_bsp_mculover666 ****
make pre-build main-build 
a9-linaro-pre-build-step
' '
'Building file: ../src/rgbled_bsp_mculover666.c'
'Invoking: ARM v7 gcc compiler'
arm-none-eabi-gcc -Wall -O0 -g3 -c -fmessage-length=0 -MT"src/rgbled_bsp_mculover666.o" -mcpu=cortex-a9 -mfpu=vfpv3 -mfloat-abi=hard -I../../hello_bsp/ps7_cortexa9_0/include -MMD -MP -MF"src/rgbled_bsp_mculover666.d" -MT"src/rgbled_bsp_mculover666.o" -o "src/rgbled_bsp_mculover666.o" "../src/rgbled_bsp_mculover666.c"
'Finished building: ../src/rgbled_bsp_mculover666.c'
' '
'Building target: rgbled_bsp_mculover666.elf'
'Invoking: ARM v7 gcc linker'
arm-none-eabi-gcc -mcpu=cortex-a9 -mfpu=vfpv3 -mfloat-abi=hard -Wl,-build-id=none -specs=Xilinx.spec -Wl,-T -Wl,../src/lscript.ld -L../../hello_bsp/ps7_cortexa9_0/lib -o "rgbled_bsp_mculover666.elf"  ./src/main.o ./src/rgbled_bsp_mculover666.o   -Wl,--start-group,-lxil,-lgcc,-lc,--end-group
'Finished building target: rgbled_bsp_mculover666.elf'
' '
'Invoking: ARM v7 Print Size'
arm-none-eabi-size rgbled_bsp_mculover666.elf  |tee "rgbled_bsp_mculover666.elf.size"
   text	   data	    bss	    dec	    hex	filename
  21452	   1160	  22600	  45212	   b09c	rgbled_bsp_mculover666.elf
'Finished building: rgbled_bsp_mculover666.elf.size'
' '
12:00:52 **** Incremental Build of configuration Debug for project led_bsp_mculover666 ****
make pre-build main-build 
a9-linaro-pre-build-step
' '
make: Nothing to be done for `main-build'.
12:01:50 **** Incremental Build of configuration Debug for project rgbled_bsp_mculover666 ****
make pre-build main-build 
a9-linaro-pre-build-step
' '
make: Nothing to be done for `main-build'.
12:02:34 **** Auto Build of configuration Debug for project rgbled_bsp_mculover666 ****
make pre-build main-build 
a9-linaro-pre-build-step
' '
'Building file: ../src/main.c'
'Invoking: ARM v7 gcc compiler'
arm-none-eabi-gcc -Wall -O0 -g3 -c -fmessage-length=0 -MT"src/main.o" -mcpu=cortex-a9 -mfpu=vfpv3 -mfloat-abi=hard -I../../hello_bsp/ps7_cortexa9_0/include -MMD -MP -MF"src/main.d" -MT"src/main.o" -o "src/main.o" "../src/main.c"
'Finished building: ../src/main.c'
' '
'Building target: rgbled_bsp_mculover666.elf'
'Invoking: ARM v7 gcc linker'
arm-none-eabi-gcc -mcpu=cortex-a9 -mfpu=vfpv3 -mfloat-abi=hard -Wl,-build-id=none -specs=Xilinx.spec -Wl,-T -Wl,../src/lscript.ld -L../../hello_bsp/ps7_cortexa9_0/lib -o "rgbled_bsp_mculover666.elf"  ./src/main.o ./src/rgbled_bsp_mculover666.o   -Wl,--start-group,-lxil,-lgcc,-lc,--end-group
'Finished building target: rgbled_bsp_mculover666.elf'
' '
'Invoking: ARM v7 Print Size'
arm-none-eabi-size rgbled_bsp_mculover666.elf  |tee "rgbled_bsp_mculover666.elf.size"
   text	   data	    bss	    dec	    hex	filename
  21452	   1160	  22600	  45212	   b09c	rgbled_bsp_mculover666.elf
'Finished building: rgbled_bsp_mculover666.elf.size'
' '
12:02:38 **** Incremental Build of configuration Debug for project rgbled_bsp_mculover666 ****
make pre-build main-build 
a9-linaro-pre-build-step
' '
make: Nothing to be done for `main-build'.
12:03:33 **** Incremental Build of configuration Debug for project rgbled_bsp_mculover666 ****
make pre-build main-build 
a9-linaro-pre-build-step
' '
make: Nothing to be done for `main-build'.
12:03:59 **** Incremental Build of configuration Debug for project rgbled_bsp_mculover666 ****
make pre-build main-build 
a9-linaro-pre-build-step
' '
make: Nothing to be done for `main-build'.
12:05:25 **** Auto Build of configuration Debug for project rgbled_bsp_mculover666 ****
make pre-build main-build 
a9-linaro-pre-build-step
' '
'Building file: ../src/main.c'
'Invoking: ARM v7 gcc compiler'
arm-none-eabi-gcc -Wall -O0 -g3 -c -fmessage-length=0 -MT"src/main.o" -mcpu=cortex-a9 -mfpu=vfpv3 -mfloat-abi=hard -I../../hello_bsp/ps7_cortexa9_0/include -MMD -MP -MF"src/main.d" -MT"src/main.o" -o "src/main.o" "../src/main.c"
'Finished building: ../src/main.c'
' '
'Building target: rgbled_bsp_mculover666.elf'
'Invoking: ARM v7 gcc linker'
arm-none-eabi-gcc -mcpu=cortex-a9 -mfpu=vfpv3 -mfloat-abi=hard -Wl,-build-id=none -specs=Xilinx.spec -Wl,-T -Wl,../src/lscript.ld -L../../hello_bsp/ps7_cortexa9_0/lib -o "rgbled_bsp_mculover666.elf"  ./src/main.o ./src/rgbled_bsp_mculover666.o   -Wl,--start-group,-lxil,-lgcc,-lc,--end-group
'Finished building target: rgbled_bsp_mculover666.elf'
' '
'Invoking: ARM v7 Print Size'
arm-none-eabi-size rgbled_bsp_mculover666.elf  |tee "rgbled_bsp_mculover666.elf.size"
   text	   data	    bss	    dec	    hex	filename
  21460	   1160	  22600	  45220	   b0a4	rgbled_bsp_mculover666.elf
'Finished building: rgbled_bsp_mculover666.elf.size'
' '
12:05:32 **** Incremental Build of configuration Debug for project rgbled_bsp_mculover666 ****
make pre-build main-build 
a9-linaro-pre-build-step
' '
make: Nothing to be done for `main-build'.
